PS C:\Users\kayod> gcloud auth login
Your browser has been opened to visit:

    https://accounts.google.com/o/oauth2/auth?response_type=code&client_id=32555940559.apps.googleusercontent.com&redirect_uri=http%3A%2F%2Flocalhost%3A8085%2F&scope=openid+https%3A%2F%2Fwww.googleapis.com%2Fauth%2Fuserinfo.email+https%3A%2F%2Fwww.googleapis.com%2Fauth%2Fcloud-platform+https%3A%2F%2Fwww.googleapis.com%2Fauth%2Fappengine.admin+https%3A%2F%2Fwww.googleapis.com%2Fauth%2Fsqlservice.login+https%3A%2F%2Fwww.googleapis.com%2Fauth%2Fcompute+https%3A%2F%2Fwww.googleapis.com%2Fauth%2Faccounts.reauth&state=uEvQbpE5H4RXxIq3VXOXkprZ3uRd9d&access_type=offline&code_challenge=LBIPh5J-hJVXT3dh0krTpLie-flcRluelgRzBrj0qhk&code_challenge_method=S256


You are now logged in as [kaxxxxxxxxxxx@gmail.com].
Your current project is [None].  You can change this setting by running:
  $ gcloud config set project PROJECT_ID
PS C:\Users\kayod> gcloud auth list
     Credentialed Accounts
ACTIVE  ACCOUNT
*       kadxxxxxxi@gmail.com

To set the active account, run:
    $ gcloud config set account `ACCOUNT`

PS C:\Users\kayod>    
PS C:\Users\kayod>
PS C:\Users\kayod>
PS C:\Users\kayod>
PS C:\Users\kayod> gcloud config set project kayuze1st
Updated property [core/project].
PS C:\Users\kayod>            
PS C:\Users\kayod>
PS C:\Users\kayod> gcloud config list
[accessibility]
screen_reader = False
[core]
account = kaxxxxxxxmi@gmail.com
disable_usage_reporting = True
project = kayuze1st

Your active configuration is: [default]
PS C:\Users\kayod> 
PS C:\Users\kayod>
PS C:\Users\kayod>
PS C:\Users\kayod> gcloud compute instances create test-vm --zone=us-c
entral1-c
Created [https://www.googleapis.com/compute/v1/projects/kayuze1st/zones/us-central1-c/instances/test-vm].
NAME     ZONE           MACHINE_TYPE   PREEMPTIBLE  INTERNAL_IP  EXTERNAL_IP    STATUS
test-vm  us-central1-c  n1-standard-1               10.128.0.4   34.69.228.236  RUNNING
PS C:\Users\kayod> 
PS C:\Users\kayod>
PS C:\Users\kayod> gcloud compute instances list
NAME                      ZONE             MACHINE_TYPE   PREEMPTIBLE  INTERNAL_IP  EXTERNAL_IP    STATUS
instance-20241009-173542  us-central1-c    e2-medium                  
 10.128.0.3   35.223.96.56   RUNNING
test-vm                   us-central1-c    n1-standard-1              
 10.128.0.4   34.69.228.236  RUNNING
test-vm2                  europe-west10-b  e2-medium                  
 10.214.0.2   34.32.63.135   RUNNING
PS C:\Users\kayod> 
PS C:\Users\kayod>
PS C:\Users\kayod>
PS C:\Users\kayod>
PS C:\Users\kayod> gcloud compute instances create bronze-vm silver-vm gold-vm --zone=us-central1-c
Created [https://www.googleapis.com/compute/v1/projects/kayuze1st/zones/us-central1-c/instances/bronze-vm].
Created [https://www.googleapis.com/compute/v1/projects/kayuze1st/zones/us-central1-c/instances/silver-vm].
Created [https://www.googleapis.com/compute/v1/projects/kayuze1st/zones/us-central1-c/instances/gold-vm].
NAME       ZONE           MACHINE_TYPE   PREEMPTIBLE  INTERNAL_IP  EXTERNAL_IP    STATUS
bronze-vm  us-central1-c  n1-standard-1               10.128.0.7   34.31.54.92    RUNNING
silver-vm  us-central1-c  n1-standard-1               10.128.0.6   34.42.88.83    RUNNING
gold-vm    us-central1-c  n1-standard-1               10.128.0.5   34.133.83.178  RUNNING
PS C:\Users\kayod> 
PS C:\Users\kayod>
PS C:\Users\kayod> gcloud compute instances list
NAME                      ZONE             MACHINE_TYPE   PREEMPTIBLE  INTERNAL_IP  EXTERNAL_IP    STATUS
bronze-vm                 us-central1-c    n1-standard-1              
 10.128.0.7   34.31.54.92    RUNNING
gold-vm                   us-central1-c    n1-standard-1              
 10.128.0.5   34.133.83.178  RUNNING
instance-20241009-173542  us-central1-c    e2-medium                  
 10.128.0.3   35.223.96.56   RUNNING
silver-vm                 us-central1-c    n1-standard-1              
 10.128.0.6   34.42.88.83    RUNNING
test-vm                   us-central1-c    n1-standard-1              
 10.128.0.4   34.69.228.236  RUNNING
test-vm2                  europe-west10-b  e2-medium                  
 10.214.0.2   34.32.63.135   RUNNING
PS C:\Users\kayod> 
PS C:\Users\kayod>
PS C:\Users\kayod> gcloud compute instances delete bronze-vm gold-vm silver-vm test-vm instance-20241009-173542-vm         
No zone specified. Using zone [us-central1-c] for instances: [bronze-vm, gold-vm, silver-vm, test-vm, instance-20241009-173542-vm].
The following instances will be deleted. Any attached disks configured
 to be auto-deleted will be deleted unless they are attached to any   
other instances or the `--keep-disks` flag is given and specifies them
 for keeping. Deleting a disk is irreversible and any data on the disk
 will be lost.
 - [bronze-vm] in [us-central1-c]
 - [gold-vm] in [us-central1-c]
 - [instance-20241009-173542-vm] in [us-central1-c]
 - [silver-vm] in [us-central1-c]
 - [test-vm] in [us-central1-c]

Do you want to continue (Y/n)?  y

Deleted [https://www.googleapis.com/compute/v1/projects/kayuze1st/zones/us-central1-c/instances/bronze-vm].
Deleted [https://www.googleapis.com/compute/v1/projects/kayuze1st/zones/us-central1-c/instances/gold-vm].
Deleted [https://www.googleapis.com/compute/v1/projects/kayuze1st/zones/us-central1-c/instances/silver-vm].
Deleted [https://www.googleapis.com/compute/v1/projects/kayuze1st/zones/us-central1-c/instances/test-vm].
ERROR: (gcloud.compute.instances.delete) Could not fetch resource:
 - The resource 'projects/kayuze1st/zones/us-central1-c/instances/instance-20241009-173542-vm' was not found

PS C:\Users\kayod> 
PS C:\Users\kayod>
PS C:\Users\kayod> gcloud compute instances list
NAME                      ZONE             MACHINE_TYPE  PREEMPTIBLE  INTERNAL_IP  EXTERNAL_IP   STATUS
instance-20241009-173542  us-central1-c    e2-medium                  
10.128.0.3   35.223.96.56  RUNNING
test-vm2                  europe-west10-b  e2-medium                  
10.214.0.2   34.32.63.135  RUNNING
PS C:\Users\kayod> 
PS C:\Users\kayod>
PS C:\Users\kayod> gcloud compute instances delete instance-20241009-173542
No zone specified. Using zone [us-central1-c] for instance: [instance-20241009-173542].
The following instances will be deleted. Any attached disks configured
 to be auto-deleted will be deleted unless they are attached to any   
other instances or the `--keep-disks` flag is given and specifies them
 for keeping. Deleting a disk is irreversible and any data on the disk
 will be lost.
 - [instance-20241009-173542] in [us-central1-c]

Do you want to continue (Y/n)?  y

Deleted [https://www.googleapis.com/compute/v1/projects/kayuze1st/zones/us-central1-c/instances/instance-20241009-173542].
PS C:\Users\kayod> 
PS C:\Users\kayod>
The following instances will be deleted. Any attached disks configured to be auto-deleted will be deleted unless they are attached to any   
other instances or the `--keep-disks` flag is given and specifies them for keeping. Deleting a disk is irreversible and any data on the disk will be lost.
 - [test-vm2] in [eplease write me a compute instance command for vm  
>>                 please write me a compute instance command for vm  
>>
>> Show drafts://www.googleapis.com>> mpute/v1/projects/kayuze1st/zone>> Show drafts0-b/instances/test-vm>>
>> C:\Users\kayod>
PS C:\Users\kayod> 
PS C:\Users\kayod> gcloud compute instances list
Listed 0 items.
PS C:\Users\kayod> 
